// Jest Snapshot v1, https://goo.gl/fbAQLP

exports[`test screenshot of CardList component 1`] = `ShallowWrapper {}`;
