// Jest Snapshot v1, https://goo.gl/fbAQLP

exports[`Card.js card matches snapshot 1`] = `ShallowWrapper {}`;
