// Jest Snapshot v1, https://goo.gl/fbAQLP

exports[`test screenshot of Header component 1`] = `ShallowWrapper {}`;
