// Jest Snapshot v1, https://goo.gl/fbAQLP

exports[`SearchField Rendering render correctly 1`] = `ShallowWrapper {}`;
